
===============================================================
 Suspend cycle test
===============================================================
  mode        : deep
  duration    : 60s x 1 cycle(s)
  rtc         : rtc1 (snvs_rtc 30370000.snvs:snvs-rtc-lp)
  ethernet    : ethernet0
  results     : /var/lib/pmtest/log/suspend-20260820-183907.csv
  mem_sleep   : deep

===============================================================
 Cycle 1/1
===============================================================
  armed rtc1 for +60s (epoch 75002)
  entering deep ...
mem
  !! write to /sys/power/state failed: tee: /sys/power/state: Bad address
  !! kernel messages during the attempt (the aborting device is usually named here):
       [ 3211.351690] PM: suspend entry (deep)
       [ 3211.353538] Filesystems sync: 0.001 seconds
       [ 3211.355954] Freezing user space processes
       [ 3211.358439] Freezing user space processes completed (elapsed 0.002 seconds)
       [ 3211.358457] OOM killer disabled.
       [ 3211.358463] Freezing remaining freezable tasks
       [ 3211.359772] Freezing remaining freezable tasks completed (elapsed 0.001 seconds)
       [ 3211.359783] printk: Suspending console(s) (use no_console_suspend to debug)
       [ 3211.580214] imx-dwmac 30bf0000.ethernet ethernet0: Link is Down
       [ 3211.580928] imx-dwmac 30bf0000.ethernet ethernet0: FPE workqueue stop
       [ 3221.869588] mwifiex_sdio mmc0:0001:1: hs_activate_wait_q terminated
       [ 3221.869603] mwifiex_sdio mmc0:0001:1: cmd: failed to suspend
       [ 3221.869607] mwifiex_sdio mmc0:0001:1: PM: dpm_run_callback(): pm_generic_suspend+0x0/0x44 returns -14
       [ 3221.869630] mwifiex_sdio mmc0:0001:1: PM: failed to suspend async: error -14
       [ 3221.869674] PM: Some devices failed to suspend, or early wake event detected
       [ 3221.869753] imx-dwmac 30bf0000.ethernet ethernet0: configuring for phy/rgmii-id link mode
       [ 3221.879627] imx-dwmac 30bf0000.ethernet ethernet0: No Safety Features support found
       [ 3221.879650] imx-dwmac 30bf0000.ethernet ethernet0: IEEE 1588-2008 Advanced Timestamp supported
       [ 3221.879799] imx-dwmac 30bf0000.ethernet ethernet0: FPE workqueue start
       [ 3221.880846] usb-conn-gpio 38100000.usb:connector: repeated role: device
       [ 3222.219670] usb 1-1: reset high-speed USB device number 2 using xhci-hcd
       [ 3222.669669] usb 2-1: reset SuperSpeed USB device number 2 using xhci-hcd
       [ 3222.819596] usb 1-1.4: reset high-speed USB device number 6 using xhci-hcd
       [ 3223.049599] usb 1-1.1: reset full-speed USB device number 5 using xhci-hcd
       [ 3223.250137] OOM killer enabled.
       [ 3223.250145] Restarting tasks ... done.
       [ 3223.259701] random: crng reseeded on system resumption
       [ 3223.259809] PM: suspend exit
