
===============================================================
 Suspend cycle test
===============================================================
  mode        : deep
  duration    : 60s x 1 cycle(s)
  rtc         : rtc1 (snvs_rtc 30370000.snvs:snvs-rtc-lp)
  ethernet    : ethernet0
  results     : /var/lib/pmtest/log/suspend-20260820-183349.csv
  mem_sleep   : deep

===============================================================
 Cycle 1/1
===============================================================
  armed rtc1 for +60s (epoch 74684)
  entering deep ...
mem
  !! write to /sys/power/state failed: tee: /sys/power/state: Bad address
  !! kernel messages during the attempt (the aborting device is usually named here):
       [ 2892.987960] PM: suspend entry (deep)
       [ 2892.990037] Filesystems sync: 0.002 seconds
       [ 2892.996047] Freezing user space processes
       [ 2892.998270] Freezing user space processes completed (elapsed 0.002 seconds)
       [ 2892.998290] OOM killer disabled.
       [ 2892.998294] Freezing remaining freezable tasks
       [ 2892.999752] Freezing remaining freezable tasks completed (elapsed 0.001 seconds)
       [ 2892.999761] printk: Suspending console(s) (use no_console_suspend to debug)
       [ 2893.153955] xhci-hcd xhci-hcd.2.auto: WARN: xHC CMD_RUN timeout
       [ 2893.154092] xhci-hcd xhci-hcd.2.auto: PM: dpm_run_callback(): platform_pm_suspend+0x0/0x6c returns -110
       [ 2893.154121] xhci-hcd xhci-hcd.2.auto: PM: failed to suspend async: error -110
       [ 2903.789905] mwifiex_sdio mmc0:0001:1: hs_activate_wait_q terminated
       [ 2903.789918] mwifiex_sdio mmc0:0001:1: cmd: failed to suspend
       [ 2903.789923] mwifiex_sdio mmc0:0001:1: PM: dpm_run_callback(): pm_generic_suspend+0x0/0x44 returns -14
       [ 2903.789944] mwifiex_sdio mmc0:0001:1: PM: failed to suspend async: error -14
       [ 2903.789975] PM: Some devices failed to suspend, or early wake event detected
       [ 2903.790150] usb-conn-gpio 38100000.usb:connector: repeated role: host
       [ 2903.790573] hub 3-0:1.0: hub_ext_port_status failed (err = -108)
       [ 2903.790588] usb usb3-port1: cannot disable (err = -108)
       [ 2904.032783] OOM killer enabled.
       [ 2904.032794] Restarting tasks ... done.
       [ 2904.034965] random: crng reseeded on system resumption
       [ 2904.035240] PM: suspend exit
