
===============================================================
 Suspend cycle test
===============================================================
  mode        : deep
  duration    : 60s x 1 cycle(s)
  rtc         : rtc1 (snvs_rtc 30370000.snvs:snvs-rtc-lp)
  ethernet    : ethernet0
  results     : /var/lib/pmtest/log/suspend-20260820-184932.csv
  mem_sleep   : deep

===============================================================
 Cycle 1/1
===============================================================
  armed rtc1 for +60s (epoch 75627)
  entering deep ...
mem
  resumed after 60s (drift 0s)
  kernel confirmed suspend entry

===============================================================
 Summary
===============================================================
  cycle,mode,requested_s,measured_s,drift_s,resume_ok,notes
  1,deep,60,60,0,yes,
  all cycles passed
