
===============================================================
 Suspend cycle test
===============================================================
  mode        : deep
  duration    : 60s x 1 cycle(s)
  rtc         : rtc1 (snvs_rtc 30370000.snvs:snvs-rtc-lp)
  ethernet    : ethernet0
  results     : /var/log/pmtest/suspend-20260820-172658.csv
  mem_sleep   : deep

===============================================================
 Cycle 1/1
===============================================================
  armed rtc1 for +60s (epoch 70639)
  entering deep ...
mem
  !! write to /sys/power/state failed: tee: /sys/power/state: Bad address
  !! kernel messages during the attempt (the aborting device is usually named here):
       [69436.449936] PM: suspend entry (deep)
       [69436.451250] Filesystems sync: 0.001 seconds
       [69436.453959] Freezing user space processes
       [69436.455604] Freezing user space processes completed (elapsed 0.001 seconds)
       [69436.455620] OOM killer disabled.
       [69436.455625] Freezing remaining freezable tasks
       [69436.456900] Freezing remaining freezable tasks completed (elapsed 0.001 seconds)
       [69436.456911] printk: Suspending console(s) (use no_console_suspend to debug)
       [69436.667923] imx-dwmac 30bf0000.ethernet ethernet0: Link is Down
       [69436.668616] imx-dwmac 30bf0000.ethernet ethernet0: FPE workqueue stop
       [69447.201976] mwifiex_sdio mmc0:0001:1: hs_activate_wait_q terminated
       [69447.201988] mwifiex_sdio mmc0:0001:1: cmd: failed to suspend
       [69447.201992] mwifiex_sdio mmc0:0001:1: PM: dpm_run_callback(): pm_generic_suspend+0x0/0x44 returns -14
       [69447.202016] mwifiex_sdio mmc0:0001:1: PM: failed to suspend async: error -14
       [69447.202053] PM: Some devices failed to suspend, or early wake event detected
       [69447.202130] imx-dwmac 30bf0000.ethernet ethernet0: configuring for phy/rgmii-id link mode
       [69447.211927] imx-dwmac 30bf0000.ethernet ethernet0: No Safety Features support found
       [69447.211949] imx-dwmac 30bf0000.ethernet ethernet0: IEEE 1588-2008 Advanced Timestamp supported
       [69447.212091] imx-dwmac 30bf0000.ethernet ethernet0: FPE workqueue start
       [69447.213046] usb-conn-gpio 38100000.usb:connector: repeated role: host
       [69447.213260] xhci-hcd xhci-hcd.2.auto: xHC error in resume, USBSTS 0x401, Reinit
       [69447.213270] usb usb3: root hub lost power or was reset
       [69447.213275] usb usb4: root hub lost power or was reset
       [69447.551833] usb 1-1: reset high-speed USB device number 2 using xhci-hcd
       [69448.001603] usb 2-1: reset SuperSpeed USB device number 2 using xhci-hcd
       [69448.151467] usb 1-1.1: reset full-speed USB device number 3 using xhci-hcd
       [69448.381336] usb 1-1.4: reset high-speed USB device number 4 using xhci-hcd
       [69448.538058] OOM killer enabled.
       [69448.538066] Restarting tasks ... 
       [69448.538178] usb 3-1: USB disconnect, device number 7
       [69448.538997] done.
       [69448.539107] random: crng reseeded on system resumption
       [69448.540175] PM: suspend exit
